ala-install
atlasoflivingaustralia.github.io
documentation
misc
